🔍 Checking architecture and ABI compatibility...
./build-clang/bin/gridlabd: Mach-O 64-bit executable arm64
./build-clang/lib/climate.dylib: Mach-O 64-bit dynamically linked shared library arm64

🔍 Checking relocation model (PIE vs non-PIE)...
MH_MAGIC_64    ARM64        ALL  0x00     EXECUTE    20       1776   NOUNDEFS DYLDLINK TWOLEVEL WEAK_DEFINES BINDS_TO_WEAK PIE

🔍 Checking dynamic symbols for OBJECT layout clues...
00000001000549ac T __Z10exec_debugRNSt3__110shared_ptrI9sync_dataEEiiP13s_object_list
000000010001c6b8 T __Z12_object_syncP13s_object_listxm
000000010005138c T __Z14exec_debug_cmdRNSt3__110shared_ptrI9sync_dataEEiiP13s_object_list
0000000100084120 T __Z14gui_get_objectP11s_guientity
000000010001c5f4 T __Z14object_profileP13s_object_list17OBJECTPROFILEITEMm
00000001000208e4 T __Z14remove_objectsv
0000000100020184 T __Z15tree_get_heightP12s_objecttree
0000000100020288 T __Z16rotate_tree_leftPP12s_objecttree
00000001000d0dc0 T __Z17property_get_partP13s_object_listP14s_property_mapPKc
000000010002020c T __Z17rotate_tree_rightPP12s_objecttree
0000000100083aa4 T __Z18gui_set_objectnameP11s_guientityPc
00000001000197a4 T __Z18object_tree_deleteP13s_object_listPc
00000001000200e4 T __Z19debug_traverse_treeP12s_objecttree
00000001000d8d18 T __Z19get_value_with_unitP13s_object_listPcS1_S1_m
000000010003d964 T __Z20compare_tc_object_eqPvS_S_
000000010003d9ac T __Z20compare_tc_object_nePvS_S_
0000000100020304 T __Z21object_tree_rebalanceP12s_objecttree
000000010001f550 T __Z22object_saveall_xml_oldP7__sFILE
0000000100018b30 T __Z25object_build_object_arrayv
00000001000e1480 T __Z6streamP13s_object_list
000000010001c5a8 T __Z8get_addrI13s_object_list14s_property_mapEPvPT_PKT0_
0000000100060624 T __Z9exec_testP9sync_dataiP13s_object_list
0000000100044358 T __ZN5Eigen15PlainObjectBaseINS_6MatrixINSt3__17complexIdEELin1ELin1ELi0ELin1ELin1EEEE10resizeLikeINS1_IdLin1ELin1ELi0ELin1ELin1EEEEEvRKNS_9EigenBaseIT_EE
0000000100044458 T __ZN5Eigen15PlainObjectBaseINS_6MatrixINSt3__17complexIdEELin1ELin1ELi0ELin1ELin1EEEE12_set_noaliasINS1_IdLin1ELin1ELi0ELin1ELin1EEEEERS5_RKNS_9DenseBaseIT_EE
00000001000423f8 T __ZN5Eigen15PlainObjectBaseINS_6MatrixINSt3__17complexIdEELin1ELin1ELi0ELin1ELin1EEEE6resizeEll
00000001000419d4 T __ZN5Eigen15PlainObjectBaseINS_6MatrixIdLin1ELin1ELi0ELin1ELin1EEEE18conservativeResizeEll
0000000100045c64 T __ZN5Eigen15PlainObjectBaseINS_6MatrixIdLin1ELin1ELi0ELin1ELin1EEEE4dataEv
00000001000454a4 T __ZN5Eigen15PlainObjectBaseINS_6MatrixIdLin1ELin1ELi0ELin1ELin1EEEE4swapIS2_EEvRNS_9DenseBaseIT_EE
0000000100045750 T __ZN5Eigen15PlainObjectBaseINS_6MatrixIdLin1ELin1ELi0ELin1ELin1EEEE6_init2IllEEvllPNSt3__19enable_ifILb1ET_E4typeE
0000000100041420 T __ZN5Eigen15PlainObjectBaseINS_6MatrixIdLin1ELin1ELi0ELin1ELin1EEEE6resizeEll
00000001000440b8 T __ZN5Eigen8internal9evaluatorINS_15PlainObjectBaseINS_6MatrixINSt3__17complexIdEELin1ELin1ELi0ELin1ELin1EEEEEE8coeffRefEl
0000000100044074 T __ZN5Eigen8internal9evaluatorINS_15PlainObjectBaseINS_6MatrixINSt3__17complexIdEELin1ELin1ELi0ELin1ELin1EEEEEE8coeffRefEll
0000000100043ae8 T __ZN5Eigen8internal9evaluatorINS_15PlainObjectBaseINS_6MatrixIdLin1ELin1ELi0ELin1ELin1EEEEEE8coeffRefEl
00000001000438fc T __ZN5Eigen8internal9evaluatorINS_15PlainObjectBaseINS_6MatrixIdLin1ELin1ELi0ELin1ELin1EEEEEE8coeffRefEll
000000010008d734 T __ZN7glxlink10add_objectEPc
000000010008e17c T __ZN7glxlink11get_objectsEv
0000000100003994 T __ZN8GridLabD10add_objectERNSt3__13mapINS0_12basic_stringIcNS0_11char_traitsIcEENS0_9allocatorIcEEEENS0_3anyENS0_4lessIS7_EENS5_INS0_4pairIKS7_S8_EEEEEE
0000000100003a14 T __ZN8GridLabD11edit_objectERKNSt3__112basic_stringIcNS0_11char_traitsIcEENS0_9allocatorIcEEEERKNS0_3mapIS6_NS0_3anyENS0_4lessIS6_EENS4_INS0_4pairIS7_SA_EEEEEE
00000001000039d4 T __ZN8GridLabD13delete_objectERKNSt3__112basic_stringIcNS0_11char_traitsIcEENS0_9allocatorIcEEEE
0000000100004038 T __ZN8GridLabD19find_object_by_nameERKNSt3__112basic_stringIcNS0_11char_traitsIcEENS0_9allocatorIcEEEE
000000010005ee70 T __ZN8nlohmann16json_abi_v3_12_010basic_jsonINSt3__13mapENS2_6vectorENS2_12basic_stringIcNS2_11char_traitsIcEENS2_9allocatorIcEEEEbxydS8_NS0_14adl_serializerENS4_IhNS8_IhEEEEvE6objectESt16initializer_listINS0_6detail8json_refISE_EEE
0000000100041cc4 T __ZNK5Eigen15PlainObjectBaseINS_6MatrixINSt3__17complexIdEELin1ELin1ELi0ELin1ELin1EEEE4colsEv
00000001000434a0 T __ZNK5Eigen15PlainObjectBaseINS_6MatrixINSt3__17complexIdEELin1ELin1ELi0ELin1ELin1EEEE4dataEv
0000000100041c90 T __ZNK5Eigen15PlainObjectBaseINS_6MatrixINSt3__17complexIdEELin1ELin1ELi0ELin1ELin1EEEE4rowsEv
0000000100040d4c T __ZNK5Eigen15PlainObjectBaseINS_6MatrixIdLin1ELin1ELi0ELin1ELin1EEEE4colsEv
00000001000439c4 T __ZNK5Eigen15PlainObjectBaseINS_6MatrixIdLin1ELin1ELi0ELin1ELin1EEEE4dataEv
0000000100040d18 T __ZNK5Eigen15PlainObjectBaseINS_6MatrixIdLin1ELin1ELi0ELin1ELin1EEEE4rowsEv
0000000100043634 T __ZNK5Eigen8internal30plainobjectbase_evaluator_dataINSt3__17complexIdEELin1EE11outerStrideEv
0000000100043b58 T __ZNK5Eigen8internal30plainobjectbase_evaluator_dataIdLin1EE11outerStrideEv
00000001000435c4 T __ZNK5Eigen8internal9evaluatorINS_15PlainObjectBaseINS_6MatrixINSt3__17complexIdEELin1ELin1ELi0ELin1ELin1EEEEEE5coeffEl
00000001000433d8 T __ZNK5Eigen8internal9evaluatorINS_15PlainObjectBaseINS_6MatrixINSt3__17complexIdEELin1ELin1ELi0ELin1ELin1EEEEEE5coeffEll
00000001000435e8 T __ZNK5Eigen8internal9evaluatorINS_15PlainObjectBaseINS_6MatrixINSt3__17complexIdEELin1ELin1ELi0ELin1ELin1EEEEEE8getIndexEll
000000010004497c T __ZNK5Eigen8internal9evaluatorINS_15PlainObjectBaseINS_6MatrixIdLin1ELin1ELi0ELin1ELin1EEEEEE5coeffEl
0000000100043b0c T __ZNK5Eigen8internal9evaluatorINS_15PlainObjectBaseINS_6MatrixIdLin1ELin1ELi0ELin1ELin1EEEEEE8getIndexEll
000000010000792c T __ZNK8nlohmann16json_abi_v3_12_010basic_jsonINSt3__13mapENS2_6vectorENS2_12basic_stringIcNS2_11char_traitsIcEENS2_9allocatorIcEEEEbxydS8_NS0_14adl_serializerENS4_IhNS8_IhEEEEvE9is_objectEv
00000001000b9920 T __ZNSt3__110unique_ptrIA_PNS_16__hash_node_baseIPNS_11__hash_nodeINS_17__hash_value_typeImP13s_object_listEEPvEEEENS_25__bucket_list_deallocatorINS_9allocatorISB_EEEEE5resetB8ne200100IPSB_Li0EEEvT_
00000001000b96ac T __ZNSt3__112__hash_tableINS_17__hash_value_typeImP13s_object_listEENS_22__unordered_map_hasherImS4_NS_4hashImEENS_8equal_toImEELb1EEENS_21__unordered_map_equalImS4_S9_S7_Lb1EEENS_9allocatorIS4_EEE11__do_rehashILb1EEEvm
00000001000ba2e8 T __ZNSt3__112__hash_tableINS_17__hash_value_typeImP13s_object_listEENS_22__unordered_map_hasherImS4_NS_4hashImEENS_8equal_toImEELb1EEENS_21__unordered_map_equalImS4_S9_S7_Lb1EEENS_9allocatorIS4_EEE21__construct_node_hashIRKNS_21piecewise_construct_tEJNS_5tupleIJOmEEENSK_IJEEEEEENS_10unique_ptrINS_11__hash_nodeIS4_PvEENS_22__hash_node_destructorINSD_ISR_EEEEEEmOT_DpOT0_
00000001000b9e4c T __ZNSt3__112__hash_tableINS_17__hash_value_typeImP13s_object_listEENS_22__unordered_map_hasherImS4_NS_4hashImEENS_8equal_toImEELb1EEENS_21__unordered_map_equalImS4_S9_S7_Lb1EEENS_9allocatorIS4_EEE25__emplace_unique_key_argsImJRKNS_21piecewise_construct_tENS_5tupleIJOmEEENSK_IJEEEEEENS_4pairINS_15__hash_iteratorIPNS_11__hash_nodeIS4_PvEEEEbEERKT_DpOT0_
00000001000b9b6c T __ZNSt3__112__hash_tableINS_17__hash_value_typeImP13s_object_listEENS_22__unordered_map_hasherImS4_NS_4hashImEENS_8equal_toImEELb1EEENS_21__unordered_map_equalImS4_S9_S7_Lb1EEENS_9allocatorIS4_EEE4findImEENS_15__hash_iteratorIPNS_11__hash_nodeIS4_PvEEEERKT_
00000001000b9518 T __ZNSt3__112__hash_tableINS_17__hash_value_typeImP13s_object_listEENS_22__unordered_map_hasherImS4_NS_4hashImEENS_8equal_toImEELb1EEENS_21__unordered_map_equalImS4_S9_S7_Lb1EEENS_9allocatorIS4_EEE8__rehashILb1EEEvm
00000001000b86f0 T __ZNSt3__116allocator_traitsINS_9allocatorINS_11__hash_nodeINS_17__hash_value_typeImP13s_object_listEEPvEEEEE7destroyB8ne200100INS_4pairIKmS5_EEvLi0EEEvRS9_PT_
00000001000ba680 T __ZNSt3__116allocator_traitsINS_9allocatorINS_11__hash_nodeINS_17__hash_value_typeImP13s_object_listEEPvEEEEE8max_sizeB8ne200100IS9_vLi0EEEmRKS9_
00000001000ba5d8 T __ZNSt3__116allocator_traitsINS_9allocatorINS_11__hash_nodeINS_17__hash_value_typeImP13s_object_listEEPvEEEEE9constructB8ne200100INS_4pairIKmS5_EEJRKNS_21piecewise_construct_tENS_5tupleIJOmEEENSI_IJEEEEvLi0EEEvRS9_PT_DpOT0_
0000000100076fb4 T __ZNSt3__116allocator_traitsINS_9allocatorINS_11__tree_nodeINS_12__value_typeINS_12basic_stringIcNS_11char_traitsIcEENS1_IcEEEENS_6vectorIP13s_object_listNS1_ISB_EEEEEEPvEEEEE7destroyB8ne200100INS_4pairIKS8_SD_EEvLi0EEEvRSH_PT_
0000000100078258 T __ZNSt3__116allocator_traitsINS_9allocatorINS_11__tree_nodeINS_12__value_typeINS_12basic_stringIcNS_11char_traitsIcEENS1_IcEEEENS_6vectorIP13s_object_listNS1_ISB_EEEEEEPvEEEEE8max_sizeB8ne200100ISH_vLi0EEEmRKSH_
0000000100078198 T __ZNSt3__116allocator_traitsINS_9allocatorINS_11__tree_nodeINS_12__value_typeINS_12basic_stringIcNS_11char_traitsIcEENS1_IcEEEENS_6vectorIP13s_object_listNS1_ISB_EEEEEEPvEEEEE9constructB8ne200100INS_4pairIKS8_SD_EEJRKNS_21piecewise_construct_tENS_5tupleIJRSL_EEENSQ_IJEEEEvLi0EEEvRSH_PT_DpOT0_
000000010007750c T __ZNSt3__116allocator_traitsINS_9allocatorINS_11__tree_nodeIP13s_object_listPvEEEEE7destroyB8ne200100IS4_vLi0EEEvRS7_PT_
0000000100078fbc T __ZNSt3__116allocator_traitsINS_9allocatorINS_11__tree_nodeIP13s_object_listPvEEEEE8max_sizeB8ne200100IS7_vLi0EEEmRKS7_
0000000100078f0c T __ZNSt3__116allocator_traitsINS_9allocatorINS_11__tree_nodeIP13s_object_listPvEEEEE9constructB8ne200100IS4_JRKS4_EvLi0EEEvRS7_PT_DpOT0_
0000000100066250 T __ZNSt3__116allocator_traitsINS_9allocatorIP13s_object_listEEE17allocate_at_leastB8ne200100IS4_EENS_17allocation_resultIPS3_mEERT_m
000000010006663c T __ZNSt3__116allocator_traitsINS_9allocatorIP13s_object_listEEE7destroyB8ne200100IS3_vLi0EEEvRS4_PT_
0000000100066134 T __ZNSt3__116allocator_traitsINS_9allocatorIP13s_object_listEEE8max_sizeB8ne200100IS4_vLi0EEEmRKS4_
000000010006c0e0 T __ZNSt3__116allocator_traitsINS_9allocatorIP13s_object_listEEE9constructB8ne200100IS3_JEvLi0EEEvRS4_PT_DpOT0_
0000000100065d34 T __ZNSt3__116allocator_traitsINS_9allocatorIP13s_object_listEEE9constructB8ne200100IS3_JRKS3_EvLi0EEEvRS4_PT_DpOT0_
00000001000b9a30 T __ZNSt3__116allocator_traitsINS_9allocatorIPNS_16__hash_node_baseIPNS_11__hash_nodeINS_17__hash_value_typeImP13s_object_listEEPvEEEEEEE8max_sizeB8ne200100ISD_vLi0EEEmRKSD_
0000000100077b5c T __ZNSt3__16__treeINS_12__value_typeINS_12basic_stringIcNS_11char_traitsIcEENS_9allocatorIcEEEENS_6vectorIP13s_object_listNS5_ISA_EEEEEENS_19__map_value_compareIS7_SD_NS_4lessIS7_EELb1EEENS5_ISD_EEE12__find_equalIS7_EERPNS_16__tree_node_baseIPvEERPNS_15__tree_end_nodeISO_EERKT_
0000000100077cc8 T __ZNSt3__16__treeINS_12__value_typeINS_12basic_stringIcNS_11char_traitsIcEENS_9allocatorIcEEEENS_6vectorIP13s_object_listNS5_ISA_EEEEEENS_19__map_value_compareIS7_SD_NS_4lessIS7_EELb1EEENS5_ISD_EEE16__construct_nodeIJRKNS_21piecewise_construct_tENS_5tupleIJRKS7_EEENSO_IJEEEEEENS_10unique_ptrINS_11__tree_nodeISD_PvEENS_22__tree_node_destructorINS5_ISW_EEEEEEDpOT_
0000000100077a0c T __ZNSt3__16__treeINS_12__value_typeINS_12basic_stringIcNS_11char_traitsIcEENS_9allocatorIcEEEENS_6vectorIP13s_object_listNS5_ISA_EEEEEENS_19__map_value_compareIS7_SD_NS_4lessIS7_EELb1EEENS5_ISD_EEE25__emplace_unique_key_argsIS7_JRKNS_21piecewise_construct_tENS_5tupleIJRKS7_EEENSO_IJEEEEEENS_4pairINS_15__tree_iteratorISD_PNS_11__tree_nodeISD_PvEElEEbEERKT_DpOT0_
0000000100078a30 T __ZNSt3__16__treeIP13s_object_listNS_4lessIS2_EENS_9allocatorIS2_EEE12__find_equalIS2_EERPNS_16__tree_node_baseIPvEERPNS_15__tree_end_nodeISC_EERKT_
00000001000777bc T __ZNSt3__16__treeIP13s_object_listNS_4lessIS2_EENS_9allocatorIS2_EEE13__lower_boundIS2_EENS_15__tree_iteratorIS2_PNS_11__tree_nodeIS2_PvEElEERKT_SD_PNS_15__tree_end_nodeIPNS_16__tree_node_baseISB_EEEE
0000000100078b9c T __ZNSt3__16__treeIP13s_object_listNS_4lessIS2_EENS_9allocatorIS2_EEE16__construct_nodeIJRKS2_EEENS_10unique_ptrINS_11__tree_nodeIS2_PvEENS_22__tree_node_destructorINS5_ISE_EEEEEEDpOT_
0000000100078934 T __ZNSt3__16__treeIP13s_object_listNS_4lessIS2_EENS_9allocatorIS2_EEE25__emplace_unique_key_argsIS2_JRKS2_EEENS_4pairINS_15__tree_iteratorIS2_PNS_11__tree_nodeIS2_PvEElEEbEERKT_DpOT0_
0000000100077690 T __ZNSt3__16__treeIP13s_object_listNS_4lessIS2_EENS_9allocatorIS2_EEE4findIS2_EENS_15__tree_iteratorIS2_PNS_11__tree_nodeIS2_PvEElEERKT_
0000000100065b1c T __ZNSt3__16vectorIP13s_object_listNS_9allocatorIS2_EEE12emplace_backIJRKS2_EEERS2_DpOT_
000000010006ab7c T __ZNSt3__16vectorIP13s_object_listNS_9allocatorIS2_EEE18__assign_with_sizeB8ne200100IPKS2_S8_EEvT_T0_l
000000010006c8d0 T __ZNSt3__16vectorIP13s_object_listNS_9allocatorIS2_EEE18__assign_with_sizeB8ne200100IPS2_S7_EEvT_T0_l
000000010006ad58 T __ZNSt3__16vectorIP13s_object_listNS_9allocatorIS2_EEE18__construct_at_endIPKS2_S8_EEvT_T0_m
000000010006caac T __ZNSt3__16vectorIP13s_object_listNS_9allocatorIS2_EEE18__construct_at_endIPS2_S7_EEvT_T0_m
0000000100065ba4 T __ZNSt3__16vectorIP13s_object_listNS_9allocatorIS2_EEE22__construct_one_at_endB8ne200100IJRKS2_EEEvDpOT_
0000000100065c28 T __ZNSt3__16vectorIP13s_object_listNS_9allocatorIS2_EEE24__emplace_back_slow_pathIJRKS2_EEEPS2_DpOT_
000000010006678c T __ZNSt3__16vectorIP13s_object_listNS_9allocatorIS2_EEE26__add_alignment_assumptionB8ne200100IPS2_Li0EEES7_T_
000000010006aae8 T __ZNSt3__16vectorIP13s_object_listNS_9allocatorIS2_EEE6assignB8ne200100IPKS2_Li0EEEvT_S9_
000000010006c860 T __ZNSt3__16vectorIP13s_object_listNS_9allocatorIS2_EEE6assignB8ne200100IPS2_Li0EEEvT_S8_
0000000100040320 T _convert_from_object
0000000100040538 T _convert_to_object
000000010007d61c T _find_objects
0000000100146450 D _global_object_format
0000000100146470 D _global_object_scan
000000010009248c T _load_get_current_object
000000010094e3ec S _max_object_heartbeats
000000010094e3e8 S _n_object_heartbeats
000000010001894c T _object_access_property
00000001000204dc T _object_build_name
0000000100020b48 T _object_close_namespace
000000010001d36c T _object_commit
0000000100019538 T _object_create_array
00000001000192ec T _object_create_foreign
0000000100018fc8 T _object_create_single
00000001000192e0 T _object_current_namespace
000000010001d6b4 T _object_dump
000000010001d510 T _object_finalize
0000000100018c98 T _object_find_by_id
000000010002046c T _object_find_name
0000000100018940 T _object_flag_property
00000001000199d8 T _object_get_addr
0000000100019bc4 T _object_get_bool
0000000100019c54 T _object_get_bool_by_name
000000010001c498 T _object_get_child_count
000000010001a3d0 T _object_get_complex
000000010001a460 T _object_get_complex_by_name
000000010001a3a8 T _object_get_complex_quick
0000000100018958 T _object_get_count
000000010001a27c T _object_get_double
000000010001a320 T _object_get_double_by_name
000000010001a254 T _object_get_double_quick
0000000100019cdc T _object_get_enum
0000000100019d6c T _object_get_enum_by_name
0000000100018c28 T _object_get_first
0000000100019f0c T _object_get_int16
0000000100019f9c T _object_get_int16_by_name
000000010001a024 T _object_get_int32
000000010001a0b4 T _object_get_int32_by_name
000000010001a13c T _object_get_int64
000000010001a1cc T _object_get_int64_by_name
0000000100020a64 T _object_get_namespace
000000010001c25c T _object_get_next
0000000100019a74 T _object_get_object
0000000100019b28 T _object_get_object_by_name
00000001000188ac T _object_get_oflags
00000001000211dc T _object_get_part
0000000100018970 T _object_get_property
000000010001c1b0 T _object_get_reference
0000000100019df4 T _object_get_set
0000000100019e84 T _object_get_set_by_name
000000010001a4e8 T _object_get_string
000000010001a58c T _object_get_string_by_name
0000000100018dc4 T _object_get_unit
000000010001bec8 T _object_get_value_by_addr
000000010001bf90 T _object_get_value_by_name
000000010001cfe4 T _object_heartbeat
000000010094e3d0 S _object_heartbeats
000000010001d15c T _object_init
000000010001d60c T _object_isa
0000000100021448 T _object_loadmethod
0000000100020bd0 T _object_locate_property
0000000100018d84 T _object_name
0000000100020960 T _object_namespace
0000000100020abc T _object_open_namespace
000000010001d260 T _object_precommit
0000000100018c34 T _object_prop_in_class
000000010001c0ac T _object_property_to_string
0000000100021014 T _object_remote_read
0000000100021118 T _object_remote_write
00000001000195c8 T _object_remove_by_id
000000010001e0d4 T _object_save
000000010001e894 T _object_saveall
000000010001ef40 T _object_saveall_xml
0000000100020ba4 T _object_select_namespace
000000010001bd9c T _object_set_complex_by_name
000000010001c4b0 T _object_set_dependent
000000010001bcc0 T _object_set_double_by_name
000000010001b9e0 T _object_set_int16_by_name
000000010001bb08 T _object_set_int32_by_name
000000010001bbe4 T _object_set_int64_by_name
0000000100020640 T _object_set_name
000000010001c380 T _object_set_parent
000000010001c294 T _object_set_rank
000000010001a614 T _object_set_value_by_addr
000000010001aab0 T _object_set_value_by_name
0000000100019494 T _object_stream_fixup
000000010001cc5c T _object_sync
00000001000e1ddc T _stream_object
0000000000009acc T __Z11object_dataI10csv_reader13s_object_listEPT_PT0_
0000000000014d0c T __Z11object_dataI10csv_readerP13s_object_listEPT_PT0_
0000000000001490 T __Z11object_dataI7climate13s_object_listEPT_PT0_
0000000000004330 T __Z13gl_object_isaP13s_object_listPKcS2_
00000000000014cc T __Z13gl_set_parentP13s_object_listS0_
0000000000015a14 T __Z13object_headerI10csv_readerEP13s_object_listPT_
00000000000084b0 T __Z13object_headerI7climateEP13s_object_listPT_
000000000000999c T __Z7gl_nameP13s_object_listPcm
0000000000017230 T __ZN10csv_reader11add_weatherENSt3__110unique_ptrI7weather18gld_object_deleterEE
000000000001ac90 T __ZN10gld_object11safe_deleteEPS_
0000000000009bdc T __ZN10gld_object12get_latitudeEv
000000000000f9cc T __ZN10gld_object12mark_deletedEv
0000000000009b1c T __ZN10gld_object12set_latitudeEd
0000000000009bb4 T __ZN10gld_object13get_longitudeEv
0000000000009b54 T __ZN10gld_object13set_longitudeEd
000000000000fa78 T __ZN10gld_object17print_stack_traceEv
000000000000fc6c T __ZN10gld_object2myEv
0000000000006054 T __ZN10gld_objectdlEPv
000000000000704c T __ZN7climate4initEP13s_object_list
000000000001ac68 T __ZNK18gld_object_deleterclEP10gld_object

🔍 Checking for vtable symbols (C++ RTTI)...

✅ Done. Review the output above for mismatches.
